[      26ms] [WARNING] Error with Permissions-Policy header: Unrecognized feature: 'join-ad-interest-group'. @ :0
[      26ms] [WARNING] Error with Permissions-Policy header: Unrecognized feature: 'run-ad-auction'. @ :0
[     586ms] [INFO] 🌐 i18next is made possible by our own product, Locize — consider powering your project with managed localization (AI, CDN, integrations): https://locize.com 💙 @ http://localhost:3119/assets/vendor-i18n-DQmZ8aYw.js:0
[     885ms] [ERROR] Applying inline style violates the following Content Security Policy directive 'style-src-elem 'self' https://fonts.googleapis.com 'sha256-eC/LYFbFX0VPdH107k2WfWKmpi4owBWgEs9oH9HVTeI=' local.adguard.org 'unsafe-inline' 'nonce-8928e7a6f1b143faad8a1019e16''. Note that 'unsafe-inline' is ignored if either a hash or nonce value is present in the source list. The action has been blocked. @ http://localhost:3119/assets/index-CFugybPV.js:1457
[     905ms] [ERROR] Applying inline style violates the following Content Security Policy directive 'style-src-elem 'self' https://fonts.googleapis.com 'sha256-eC/LYFbFX0VPdH107k2WfWKmpi4owBWgEs9oH9HVTeI=' local.adguard.org 'unsafe-inline' 'nonce-8928e7a6f1b143faad8a1019e16''. Note that 'unsafe-inline' is ignored if either a hash or nonce value is present in the source list. The action has been blocked. @ http://localhost:3119/assets/index-CFugybPV.js:1458
[    1098ms] [ERROR] Failed to load resource: the server responded with a status of 501 (Not Implemented) @ http://localhost:3119/api/v1/admin/rbac/matrix:0
[    1106ms] [ERROR] Failed to load resource: the server responded with a status of 501 (Not Implemented) @ http://localhost:3119/api/v1/admin/impersonate:0
[    1151ms] [ERROR] Failed to load resource: the server responded with a status of 503 (Service Unavailable) @ http://localhost:3119/api/v1/system/health:0
[    1151ms] [ERROR] Failed to load resource: the server responded with a status of 404 (Not Found) @ http://localhost:3119/api/v1/push/public-key:0
[    1427ms] [ERROR] Failed to load resource: the server responded with a status of 501 (Not Implemented) @ http://localhost:3119/api/v1/admin/rbac/matrix:0
[    1428ms] [ERROR] Failed to load resource: the server responded with a status of 501 (Not Implemented) @ http://localhost:3119/api/v1/admin/impersonate:0
[    1430ms] [ERROR] Failed to load resource: the server responded with a status of 404 (Not Found) @ http://localhost:3119/api/v1/push/public-key:0
[    1442ms] [INFO] Banner not shown: beforeinstallpromptevent.preventDefault() called. The page must call beforeinstallpromptevent.prompt() to show the banner. @ http://localhost:3119/driving-dynamics?vehicle_id=1&drive_id=1:0
[   31329ms] [ERROR] Failed to load resource: the server responded with a status of 503 (Service Unavailable) @ http://localhost:3119/api/v1/system/health:0
[   31464ms] [ERROR] Failed to load resource: the server responded with a status of 501 (Not Implemented) @ http://localhost:3119/api/v1/admin/impersonate:0
[   31480ms] [ERROR] Failed to load resource: the server responded with a status of 501 (Not Implemented) @ http://localhost:3119/api/v1/admin/impersonate:0
[   49232ms] [ERROR] Applying inline style violates the following Content Security Policy directive 'style-src-elem 'self' https://fonts.googleapis.com 'sha256-eC/LYFbFX0VPdH107k2WfWKmpi4owBWgEs9oH9HVTeI=' local.adguard.org 'unsafe-inline' 'nonce-8928e7a6f1b143faad8a1019e16''. Note that 'unsafe-inline' is ignored if either a hash or nonce value is present in the source list. The action has been blocked. @ http://localhost:3119/assets/vendor-motion-C6oSLF0T.js:0
[   61345ms] [ERROR] Failed to load resource: the server responded with a status of 503 (Service Unavailable) @ http://localhost:3119/api/v1/system/health:0
[   61499ms] [ERROR] Failed to load resource: the server responded with a status of 501 (Not Implemented) @ http://localhost:3119/api/v1/admin/impersonate:0
[   61510ms] [ERROR] Failed to load resource: the server responded with a status of 501 (Not Implemented) @ http://localhost:3119/api/v1/admin/impersonate:0
[   91526ms] [ERROR] Failed to load resource: the server responded with a status of 501 (Not Implemented) @ http://localhost:3119/api/v1/admin/impersonate:0
[   91535ms] [ERROR] Failed to load resource: the server responded with a status of 501 (Not Implemented) @ http://localhost:3119/api/v1/admin/impersonate:0
[  110334ms] [ERROR] Failed to load resource: the server responded with a status of 503 (Service Unavailable) @ http://localhost:3119/api/v1/system/health:0
[  121562ms] [ERROR] Failed to load resource: the server responded with a status of 501 (Not Implemented) @ http://localhost:3119/api/v1/admin/impersonate:0
[  121578ms] [ERROR] Failed to load resource: the server responded with a status of 501 (Not Implemented) @ http://localhost:3119/api/v1/admin/impersonate:0
[  140358ms] [ERROR] Failed to load resource: the server responded with a status of 503 (Service Unavailable) @ http://localhost:3119/api/v1/system/health:0
[  141211ms] [ERROR] Applying inline style violates the following Content Security Policy directive 'style-src-elem 'self' https://fonts.googleapis.com 'sha256-eC/LYFbFX0VPdH107k2WfWKmpi4owBWgEs9oH9HVTeI=' local.adguard.org 'unsafe-inline' 'nonce-8928e7a6f1b143faad8a1019e16''. Note that 'unsafe-inline' is ignored if either a hash or nonce value is present in the source list. The action has been blocked. @ http://localhost:3119/assets/vendor-motion-C6oSLF0T.js:0
[  151598ms] [ERROR] Failed to load resource: the server responded with a status of 501 (Not Implemented) @ http://localhost:3119/api/v1/admin/impersonate:0
[  151608ms] [ERROR] Failed to load resource: the server responded with a status of 501 (Not Implemented) @ http://localhost:3119/api/v1/admin/impersonate:0
[  170378ms] [ERROR] Failed to load resource: the server responded with a status of 503 (Service Unavailable) @ http://localhost:3119/api/v1/system/health:0
[  181677ms] [ERROR] Failed to load resource: the server responded with a status of 501 (Not Implemented) @ http://localhost:3119/api/v1/admin/impersonate:0
[  181687ms] [ERROR] Failed to load resource: the server responded with a status of 501 (Not Implemented) @ http://localhost:3119/api/v1/admin/impersonate:0
[  200402ms] [ERROR] Failed to load resource: the server responded with a status of 503 (Service Unavailable) @ http://localhost:3119/api/v1/system/health:0
[  211710ms] [ERROR] Failed to load resource: the server responded with a status of 501 (Not Implemented) @ http://localhost:3119/api/v1/admin/impersonate:0
[  211721ms] [ERROR] Failed to load resource: the server responded with a status of 501 (Not Implemented) @ http://localhost:3119/api/v1/admin/impersonate:0
