[      45ms] [WARNING] Error with Permissions-Policy header: Unrecognized feature: 'join-ad-interest-group'. @ :0
[      45ms] [WARNING] Error with Permissions-Policy header: Unrecognized feature: 'run-ad-auction'. @ :0
[     458ms] [INFO] 🌐 i18next is made possible by our own product, Locize — consider powering your project with managed localization (AI, CDN, integrations): https://locize.com 💙 @ http://localhost:3119/assets/vendor-i18n-t0Cce1Jb.js:0
[     653ms] [ERROR] Applying inline style violates the following Content Security Policy directive 'style-src-elem 'self' https://fonts.googleapis.com 'sha256-eC/LYFbFX0VPdH107k2WfWKmpi4owBWgEs9oH9HVTeI=' local.adguard.org 'unsafe-inline' 'nonce-8928e7a6f1b143faad8a1019e16''. Note that 'unsafe-inline' is ignored if either a hash or nonce value is present in the source list. The action has been blocked. @ http://localhost:3119/assets/index-D0Iyc0oT.js:1457
[     654ms] [ERROR] Applying inline style violates the following Content Security Policy directive 'style-src-elem 'self' https://fonts.googleapis.com 'sha256-eC/LYFbFX0VPdH107k2WfWKmpi4owBWgEs9oH9HVTeI=' local.adguard.org 'unsafe-inline' 'nonce-8928e7a6f1b143faad8a1019e16''. Note that 'unsafe-inline' is ignored if either a hash or nonce value is present in the source list. The action has been blocked. @ http://localhost:3119/assets/index-D0Iyc0oT.js:1458
[     675ms] [ERROR] Failed to load resource: the server responded with a status of 501 (Not Implemented) @ http://localhost:3119/api/v1/admin/rbac/matrix:0
[     678ms] [ERROR] Failed to load resource: the server responded with a status of 501 (Not Implemented) @ http://localhost:3119/api/v1/admin/impersonate:0
[     680ms] [ERROR] Failed to load resource: the server responded with a status of 503 (Service Unavailable) @ http://localhost:3119/api/v1/system/health:0
[     687ms] [ERROR] Failed to load resource: the server responded with a status of 404 (Not Found) @ http://localhost:3119/api/v1/push/public-key:0
[     829ms] [ERROR] Failed to load resource: the server responded with a status of 501 (Not Implemented) @ http://localhost:3119/api/v1/admin/rbac/matrix:0
[     830ms] [ERROR] Failed to load resource: the server responded with a status of 501 (Not Implemented) @ http://localhost:3119/api/v1/admin/impersonate:0
[     831ms] [ERROR] Failed to load resource: the server responded with a status of 404 (Not Found) @ http://localhost:3119/api/v1/push/public-key:0
[     854ms] [INFO] Banner not shown: beforeinstallpromptevent.preventDefault() called. The page must call beforeinstallpromptevent.prompt() to show the banner. @ http://localhost:3119/charging?vehicle_id=1&from=2026-09-04&to=2026-10-03&time_scope=30d:0
[   30827ms] [ERROR] Failed to load resource: the server responded with a status of 503 (Service Unavailable) @ http://localhost:3119/api/v1/system/health:0
[   30882ms] [ERROR] Failed to load resource: the server responded with a status of 501 (Not Implemented) @ http://localhost:3119/api/v1/admin/impersonate:0
[   30895ms] [ERROR] Failed to load resource: the server responded with a status of 501 (Not Implemented) @ http://localhost:3119/api/v1/admin/impersonate:0
[   60897ms] [ERROR] Failed to load resource: the server responded with a status of 503 (Service Unavailable) @ http://localhost:3119/api/v1/system/health:0
[   60912ms] [ERROR] Failed to load resource: the server responded with a status of 501 (Not Implemented) @ http://localhost:3119/api/v1/admin/impersonate:0
[   60949ms] [ERROR] Failed to load resource: the server responded with a status of 501 (Not Implemented) @ http://localhost:3119/api/v1/admin/impersonate:0
[   90940ms] [ERROR] Failed to load resource: the server responded with a status of 503 (Service Unavailable) @ http://localhost:3119/api/v1/system/health:0
[   90970ms] [ERROR] Failed to load resource: the server responded with a status of 501 (Not Implemented) @ http://localhost:3119/api/v1/admin/impersonate:0
[   90981ms] [ERROR] Failed to load resource: the server responded with a status of 501 (Not Implemented) @ http://localhost:3119/api/v1/admin/impersonate:0
[  120979ms] [ERROR] Failed to load resource: the server responded with a status of 503 (Service Unavailable) @ http://localhost:3119/api/v1/system/health:0
[  121086ms] [ERROR] Failed to load resource: the server responded with a status of 501 (Not Implemented) @ http://localhost:3119/api/v1/admin/impersonate:0
[  121100ms] [ERROR] Failed to load resource: the server responded with a status of 501 (Not Implemented) @ http://localhost:3119/api/v1/admin/impersonate:0
[  151073ms] [ERROR] Failed to load resource: the server responded with a status of 503 (Service Unavailable) @ http://localhost:3119/api/v1/system/health:0
[  151110ms] [ERROR] Failed to load resource: the server responded with a status of 501 (Not Implemented) @ http://localhost:3119/api/v1/admin/impersonate:0
[  151120ms] [ERROR] Failed to load resource: the server responded with a status of 501 (Not Implemented) @ http://localhost:3119/api/v1/admin/impersonate:0
[  181097ms] [ERROR] Failed to load resource: the server responded with a status of 503 (Service Unavailable) @ http://localhost:3119/api/v1/system/health:0
[  181131ms] [ERROR] Failed to load resource: the server responded with a status of 501 (Not Implemented) @ http://localhost:3119/api/v1/admin/impersonate:0
[  181139ms] [ERROR] Failed to load resource: the server responded with a status of 501 (Not Implemented) @ http://localhost:3119/api/v1/admin/impersonate:0
[  211131ms] [ERROR] Failed to load resource: the server responded with a status of 503 (Service Unavailable) @ http://localhost:3119/api/v1/system/health:0
[  211164ms] [ERROR] Failed to load resource: the server responded with a status of 501 (Not Implemented) @ http://localhost:3119/api/v1/admin/impersonate:0
[  211174ms] [ERROR] Failed to load resource: the server responded with a status of 501 (Not Implemented) @ http://localhost:3119/api/v1/admin/impersonate:0
[  241154ms] [ERROR] Failed to load resource: the server responded with a status of 503 (Service Unavailable) @ http://localhost:3119/api/v1/system/health:0
[  241187ms] [ERROR] Failed to load resource: the server responded with a status of 501 (Not Implemented) @ http://localhost:3119/api/v1/admin/impersonate:0
[  241198ms] [ERROR] Failed to load resource: the server responded with a status of 501 (Not Implemented) @ http://localhost:3119/api/v1/admin/impersonate:0
[  271168ms] [ERROR] Failed to load resource: the server responded with a status of 503 (Service Unavailable) @ http://localhost:3119/api/v1/system/health:0
[  271206ms] [ERROR] Failed to load resource: the server responded with a status of 501 (Not Implemented) @ http://localhost:3119/api/v1/admin/impersonate:0
[  271214ms] [ERROR] Failed to load resource: the server responded with a status of 501 (Not Implemented) @ http://localhost:3119/api/v1/admin/impersonate:0
[  301211ms] [ERROR] Failed to load resource: the server responded with a status of 503 (Service Unavailable) @ http://localhost:3119/api/v1/system/health:0
[  301238ms] [ERROR] Failed to load resource: the server responded with a status of 501 (Not Implemented) @ http://localhost:3119/api/v1/admin/impersonate:0
[  301247ms] [ERROR] Failed to load resource: the server responded with a status of 501 (Not Implemented) @ http://localhost:3119/api/v1/admin/impersonate:0
[  331248ms] [ERROR] Failed to load resource: the server responded with a status of 503 (Service Unavailable) @ http://localhost:3119/api/v1/system/health:0
[  331259ms] [ERROR] Failed to load resource: the server responded with a status of 501 (Not Implemented) @ http://localhost:3119/api/v1/admin/impersonate:0
[  331267ms] [ERROR] Failed to load resource: the server responded with a status of 501 (Not Implemented) @ http://localhost:3119/api/v1/admin/impersonate:0
[  361261ms] [ERROR] Failed to load resource: the server responded with a status of 503 (Service Unavailable) @ http://localhost:3119/api/v1/system/health:0
[  361278ms] [ERROR] Failed to load resource: the server responded with a status of 501 (Not Implemented) @ http://localhost:3119/api/v1/admin/impersonate:0
[  361287ms] [ERROR] Failed to load resource: the server responded with a status of 501 (Not Implemented) @ http://localhost:3119/api/v1/admin/impersonate:0
[  391274ms] [ERROR] Failed to load resource: the server responded with a status of 503 (Service Unavailable) @ http://localhost:3119/api/v1/system/health:0
[  391297ms] [ERROR] Failed to load resource: the server responded with a status of 501 (Not Implemented) @ http://localhost:3119/api/v1/admin/impersonate:0
[  391306ms] [ERROR] Failed to load resource: the server responded with a status of 501 (Not Implemented) @ http://localhost:3119/api/v1/admin/impersonate:0
[  421337ms] [ERROR] Failed to load resource: the server responded with a status of 503 (Service Unavailable) @ http://localhost:3119/api/v1/system/health:0
[  421348ms] [ERROR] Failed to load resource: the server responded with a status of 501 (Not Implemented) @ http://localhost:3119/api/v1/admin/impersonate:0
[  421362ms] [ERROR] Failed to load resource: the server responded with a status of 501 (Not Implemented) @ http://localhost:3119/api/v1/admin/impersonate:0
[  451351ms] [ERROR] Failed to load resource: the server responded with a status of 503 (Service Unavailable) @ http://localhost:3119/api/v1/system/health:0
[  451378ms] [ERROR] Failed to load resource: the server responded with a status of 501 (Not Implemented) @ http://localhost:3119/api/v1/admin/impersonate:0
[  451388ms] [ERROR] Failed to load resource: the server responded with a status of 501 (Not Implemented) @ http://localhost:3119/api/v1/admin/impersonate:0
[  481369ms] [ERROR] Failed to load resource: the server responded with a status of 503 (Service Unavailable) @ http://localhost:3119/api/v1/system/health:0
[  481407ms] [ERROR] Failed to load resource: the server responded with a status of 501 (Not Implemented) @ http://localhost:3119/api/v1/admin/impersonate:0
[  481418ms] [ERROR] Failed to load resource: the server responded with a status of 501 (Not Implemented) @ http://localhost:3119/api/v1/admin/impersonate:0
[  511384ms] [ERROR] Failed to load resource: the server responded with a status of 503 (Service Unavailable) @ http://localhost:3119/api/v1/system/health:0
[  511435ms] [ERROR] Failed to load resource: the server responded with a status of 501 (Not Implemented) @ http://localhost:3119/api/v1/admin/impersonate:0
[  511447ms] [ERROR] Failed to load resource: the server responded with a status of 501 (Not Implemented) @ http://localhost:3119/api/v1/admin/impersonate:0
[  541402ms] [ERROR] Failed to load resource: the server responded with a status of 503 (Service Unavailable) @ http://localhost:3119/api/v1/system/health:0
[  541468ms] [ERROR] Failed to load resource: the server responded with a status of 501 (Not Implemented) @ http://localhost:3119/api/v1/admin/impersonate:0
[  541478ms] [ERROR] Failed to load resource: the server responded with a status of 501 (Not Implemented) @ http://localhost:3119/api/v1/admin/impersonate:0
[  571491ms] [ERROR] Failed to load resource: the server responded with a status of 503 (Service Unavailable) @ http://localhost:3119/api/v1/system/health:0
[  571503ms] [ERROR] Failed to load resource: the server responded with a status of 501 (Not Implemented) @ http://localhost:3119/api/v1/admin/impersonate:0
[  571514ms] [ERROR] Failed to load resource: the server responded with a status of 501 (Not Implemented) @ http://localhost:3119/api/v1/admin/impersonate:0
[  601520ms] [ERROR] Failed to load resource: the server responded with a status of 503 (Service Unavailable) @ http://localhost:3119/api/v1/system/health:0
[  601535ms] [ERROR] Failed to load resource: the server responded with a status of 501 (Not Implemented) @ http://localhost:3119/api/v1/admin/impersonate:0
[  601548ms] [ERROR] Failed to load resource: the server responded with a status of 501 (Not Implemented) @ http://localhost:3119/api/v1/admin/impersonate:0
[  631552ms] [ERROR] Failed to load resource: the server responded with a status of 503 (Service Unavailable) @ http://localhost:3119/api/v1/system/health:0
[  631558ms] [ERROR] Failed to load resource: the server responded with a status of 501 (Not Implemented) @ http://localhost:3119/api/v1/admin/impersonate:0
[  631565ms] [ERROR] Failed to load resource: the server responded with a status of 501 (Not Implemented) @ http://localhost:3119/api/v1/admin/impersonate:0
[  661569ms] [ERROR] Failed to load resource: the server responded with a status of 503 (Service Unavailable) @ http://localhost:3119/api/v1/system/health:0
[  661576ms] [ERROR] Failed to load resource: the server responded with a status of 501 (Not Implemented) @ http://localhost:3119/api/v1/admin/impersonate:0
[  661584ms] [ERROR] Failed to load resource: the server responded with a status of 501 (Not Implemented) @ http://localhost:3119/api/v1/admin/impersonate:0
[  691588ms] [ERROR] Failed to load resource: the server responded with a status of 503 (Service Unavailable) @ http://localhost:3119/api/v1/system/health:0
[  691593ms] [ERROR] Failed to load resource: the server responded with a status of 501 (Not Implemented) @ http://localhost:3119/api/v1/admin/impersonate:0
[  691601ms] [ERROR] Failed to load resource: the server responded with a status of 501 (Not Implemented) @ http://localhost:3119/api/v1/admin/impersonate:0
[  721609ms] [ERROR] Failed to load resource: the server responded with a status of 503 (Service Unavailable) @ http://localhost:3119/api/v1/system/health:0
[  721617ms] [ERROR] Failed to load resource: the server responded with a status of 501 (Not Implemented) @ http://localhost:3119/api/v1/admin/impersonate:0
[  721625ms] [ERROR] Failed to load resource: the server responded with a status of 501 (Not Implemented) @ http://localhost:3119/api/v1/admin/impersonate:0
[  751629ms] [ERROR] Failed to load resource: the server responded with a status of 503 (Service Unavailable) @ http://localhost:3119/api/v1/system/health:0
[  751638ms] [ERROR] Failed to load resource: the server responded with a status of 501 (Not Implemented) @ http://localhost:3119/api/v1/admin/impersonate:0
[  751649ms] [ERROR] Failed to load resource: the server responded with a status of 501 (Not Implemented) @ http://localhost:3119/api/v1/admin/impersonate:0
[  781649ms] [ERROR] Failed to load resource: the server responded with a status of 503 (Service Unavailable) @ http://localhost:3119/api/v1/system/health:0
[  781664ms] [ERROR] Failed to load resource: the server responded with a status of 501 (Not Implemented) @ http://localhost:3119/api/v1/admin/impersonate:0
[  781676ms] [ERROR] Failed to load resource: the server responded with a status of 501 (Not Implemented) @ http://localhost:3119/api/v1/admin/impersonate:0
[  811667ms] [ERROR] Failed to load resource: the server responded with a status of 503 (Service Unavailable) @ http://localhost:3119/api/v1/system/health:0
[  811686ms] [ERROR] Failed to load resource: the server responded with a status of 501 (Not Implemented) @ http://localhost:3119/api/v1/admin/impersonate:0
[  811695ms] [ERROR] Failed to load resource: the server responded with a status of 501 (Not Implemented) @ http://localhost:3119/api/v1/admin/impersonate:0
[  841698ms] [ERROR] Failed to load resource: the server responded with a status of 503 (Service Unavailable) @ http://localhost:3119/api/v1/system/health:0
[  841709ms] [ERROR] Failed to load resource: the server responded with a status of 501 (Not Implemented) @ http://localhost:3119/api/v1/admin/impersonate:0
[  841717ms] [ERROR] Failed to load resource: the server responded with a status of 501 (Not Implemented) @ http://localhost:3119/api/v1/admin/impersonate:0
[  871722ms] [ERROR] Failed to load resource: the server responded with a status of 503 (Service Unavailable) @ http://localhost:3119/api/v1/system/health:0
[  871738ms] [ERROR] Failed to load resource: the server responded with a status of 501 (Not Implemented) @ http://localhost:3119/api/v1/admin/impersonate:0
[  871748ms] [ERROR] Failed to load resource: the server responded with a status of 501 (Not Implemented) @ http://localhost:3119/api/v1/admin/impersonate:0
[  901737ms] [ERROR] Failed to load resource: the server responded with a status of 503 (Service Unavailable) @ http://localhost:3119/api/v1/system/health:0
[  901769ms] [ERROR] Failed to load resource: the server responded with a status of 501 (Not Implemented) @ http://localhost:3119/api/v1/admin/impersonate:0
[  901779ms] [ERROR] Failed to load resource: the server responded with a status of 501 (Not Implemented) @ http://localhost:3119/api/v1/admin/impersonate:0
[  931749ms] [ERROR] Failed to load resource: the server responded with a status of 503 (Service Unavailable) @ http://localhost:3119/api/v1/system/health:0
[  931801ms] [ERROR] Failed to load resource: the server responded with a status of 501 (Not Implemented) @ http://localhost:3119/api/v1/admin/impersonate:0
[  931809ms] [ERROR] Failed to load resource: the server responded with a status of 501 (Not Implemented) @ http://localhost:3119/api/v1/admin/impersonate:0
[  961774ms] [ERROR] Failed to load resource: the server responded with a status of 503 (Service Unavailable) @ http://localhost:3119/api/v1/system/health:0
[  961817ms] [ERROR] Failed to load resource: the server responded with a status of 501 (Not Implemented) @ http://localhost:3119/api/v1/admin/impersonate:0
[  961836ms] [ERROR] Failed to load resource: the server responded with a status of 501 (Not Implemented) @ http://localhost:3119/api/v1/admin/impersonate:0
[  991799ms] [ERROR] Failed to load resource: the server responded with a status of 503 (Service Unavailable) @ http://localhost:3119/api/v1/system/health:0
[  991858ms] [ERROR] Failed to load resource: the server responded with a status of 501 (Not Implemented) @ http://localhost:3119/api/v1/admin/impersonate:0
[  991874ms] [ERROR] Failed to load resource: the server responded with a status of 501 (Not Implemented) @ http://localhost:3119/api/v1/admin/impersonate:0
[ 1021810ms] [ERROR] Failed to load resource: the server responded with a status of 503 (Service Unavailable) @ http://localhost:3119/api/v1/system/health:0
[ 1021883ms] [ERROR] Failed to load resource: the server responded with a status of 501 (Not Implemented) @ http://localhost:3119/api/v1/admin/impersonate:0
[ 1021900ms] [ERROR] Failed to load resource: the server responded with a status of 501 (Not Implemented) @ http://localhost:3119/api/v1/admin/impersonate:0
